\BOOKMARK [1][-]{section.1}{\376\377\225\356\230\230\221\315\217\360}{}% 1
\BOOKMARK [2][-]{subsection.1.1}{\376\377\225\356\230\230\166\204\200\314\146\157}{section.1}% 2
\BOOKMARK [2][-]{subsection.1.2}{\376\377\225\356\230\230\166\204\221\315\145\260\210\150\217\360}{section.1}% 3
\BOOKMARK [1][-]{section.2}{\376\377\225\356\230\230\122\006\147\220}{}% 4
\BOOKMARK [2][-]{subsection.2.1}{\376\377\140\073\117\123\140\035\215\357}{section.2}% 5
\BOOKMARK [2][-]{subsection.2.2}{\376\377\225\356\230\230\116\000\122\006\147\220}{section.2}% 6
\BOOKMARK [2][-]{subsection.2.3}{\376\377\225\356\230\230\116\214\122\006\147\220}{section.2}% 7
\BOOKMARK [2][-]{subsection.2.4}{\376\377\225\356\230\230\116\011\122\006\147\220}{section.2}% 8
\BOOKMARK [1][-]{section.3}{\376\377\152\041\127\213\120\107\213\276}{}% 9
\BOOKMARK [1][-]{section.4}{\376\377\173\046\123\367\213\364\146\016}{}% 10
\BOOKMARK [1][-]{section.5}{\376\377\145\160\143\156\230\204\131\004\164\006\116\016\162\171\137\201\147\204\136\372}{}% 11
\BOOKMARK [1][-]{section.6}{\376\377\225\356\230\230\116\000\377\032\207\215\124\010\117\341\165\050\230\316\226\151\116\016\117\341\215\067\117\030\123\026}{}% 12
\BOOKMARK [2][-]{subsection.6.1}{\376\377\000C\000R\000I\000T\000I\000C\040\023\000T\000O\000P\000S\000I\000S\176\317\204\045\213\304\116\367}{section.6}% 13
\BOOKMARK [2][-]{subsection.6.2}{\376\377\174\173\122\053\122\240\147\103\000L\000o\000g\000i\000s\000t\000i\000c\116\016\230\316\226\151\207\215\124\010}{section.6}% 14
\BOOKMARK [2][-]{subsection.6.3}{\376\377\122\051\163\207\040\023\230\235\136\246\200\124\124\010\121\263\173\126}{section.6}% 15
\BOOKMARK [2][-]{subsection.6.4}{\376\377\154\102\211\343\176\323\147\234\116\016\122\006\147\220}{section.6}% 16
\BOOKMARK [2][-]{subsection.6.5}{\376\377\152\041\127\213\150\300\232\214}{section.6}% 17
\BOOKMARK [1][-]{section.7}{\376\377\225\356\230\230\116\214\377\032\000C\000O\000R\000A\000L\217\301\171\373\116\016\116\000\116\277\121\103\117\341\215\067\173\126\165\145}{}% 18
\BOOKMARK [2][-]{subsection.7.1}{\376\377\000C\000O\000R\000A\000L\230\206\127\337\133\371\237\120}{section.7}% 19
\BOOKMARK [2][-]{subsection.7.2}{\376\377\000B\000o\000o\000t\000s\000t\000r\000a\000p\116\015\170\156\133\232\140\047\117\356\153\143\116\016\213\304\176\247}{section.7}% 20
\BOOKMARK [2][-]{subsection.7.3}{\376\377\154\102\211\343\176\323\147\234\116\016\122\006\147\220}{section.7}% 21
\BOOKMARK [2][-]{subsection.7.4}{\376\377\152\041\127\213\150\300\232\214}{section.7}% 22
\BOOKMARK [1][-]{section.8}{\376\377\225\356\230\230\116\011\377\032\172\201\123\321\116\213\116\366\116\013\166\204\172\063\120\145\117\341\215\067\214\003\145\164}{}% 23
\BOOKMARK [2][-]{subsection.8.1}{\376\377\210\114\116\032\121\262\121\373\116\016\117\001\116\032\146\264\227\062\136\246}{section.8}% 24
\BOOKMARK [2][-]{subsection.8.2}{\376\377\140\305\146\157\217\335\176\246\151\202\163\207\116\016\172\063\120\145\230\316\226\151}{section.8}% 25
\BOOKMARK [2][-]{subsection.8.3}{\376\377\154\102\211\343\176\323\147\234\116\016\122\006\147\220}{section.8}% 26
\BOOKMARK [2][-]{subsection.8.4}{\376\377\152\041\127\213\150\300\232\214}{section.8}% 27
\BOOKMARK [1][-]{section.9}{\376\377\152\041\127\213\176\374\124\010\213\304\116\367}{}% 28
\BOOKMARK [2][-]{subsection.9.1}{\376\377\152\041\127\213\117\030\160\271}{section.9}% 29
\BOOKMARK [2][-]{subsection.9.2}{\376\377\152\041\127\213\116\015\215\263\116\016\145\071\217\333}{section.9}% 30
\BOOKMARK [1][-]{section.10}{\376\377\176\323\213\272}{}% 31
\BOOKMARK [1][-]{appendix.A}{\376\377\172\013\136\217\163\257\130\203\116\016\217\320\210\114\145\271\154\325}{}% 32
\BOOKMARK [1][-]{appendix.B}{\376\377\116\055\225\364\176\323\147\234\116\016\145\160\143\156\145\207\116\366}{}% 33
\BOOKMARK [1][-]{appendix.C}{\376\377\210\145\121\105\150\300\232\214\210\150}{}% 34
